  Determining projects to restore...
  All projects are up-to-date for restore.
C:\Users\jupri.eka\CODE PM\Backend\pm-api\Models\InternalLink\InternalLink.cs(16,10): error CS0246: The type or namespace name 'MaxLengthAttribute' could not be found (are you missing a using directive or an assembly reference?) [C:\Users\jupri.eka\CODE PM\Backend\pm-api\Pm.csproj]
C:\Users\jupri.eka\CODE PM\Backend\pm-api\Models\InternalLink\InternalLink.cs(16,10): error CS0246: The type or namespace name 'MaxLength' could not be found (are you missing a using directive or an assembly reference?) [C:\Users\jupri.eka\CODE PM\Backend\pm-api\Pm.csproj]

Build FAILED.

C:\Users\jupri.eka\CODE PM\Backend\pm-api\Models\InternalLink\InternalLink.cs(16,10): error CS0246: The type or namespace name 'MaxLengthAttribute' could not be found (are you missing a using directive or an assembly reference?) [C:\Users\jupri.eka\CODE PM\Backend\pm-api\Pm.csproj]
C:\Users\jupri.eka\CODE PM\Backend\pm-api\Models\InternalLink\InternalLink.cs(16,10): error CS0246: The type or namespace name 'MaxLength' could not be found (are you missing a using directive or an assembly reference?) [C:\Users\jupri.eka\CODE PM\Backend\pm-api\Pm.csproj]
    0 Warning(s)
    2 Error(s)

Time Elapsed 00:00:02.65
